{
  "data": {
    "shows": [
      {
        "title": "test1"
      },
      {
        "title": "test2"
      }
    ]
  }
}
