{
  "data": {
    "andertekstje": "hey nu vanuit resolve"
  }
}
